// Jest Snapshot v1, https://goo.gl/fbAQLP

exports[`AddOffice Component renders properly 1`] = `
<MrmModal
  buttonText="Add Office"
  className="add-office-modal"
  closeModal={false}
  handleCloseRequest={[Function]}
  modalButton="add-button"
  modalButtonClassName="button"
  title="ADD OFFICE"
>
  <form
    className="modal-form"
    onSubmit={[Function]}
  >
    <Input
      controlsClass=""
      id="officeName"
      inputClass="mrm-input default-input"
      labelClass="input1"
      labelName="Office Name"
      name="officeName"
      onChange={[Function]}
      placeholder="Enter office name"
      type="text"
      value=""
    />
    <SelectInput
      id="officeLocation"
      labelText="Select Office Location"
      name="officeLocation"
      onChange={[Function]}
      options={null}
      placeholder="Select office location"
      placeholderValue=""
      required={false}
      selectInputClassName="default-select"
      value=""
      wrapperClassName="input-wrapper"
    />
    <ActionButtons
      actionButtonClassName="action-button"
      actionButtonText="ADD OFFICE"
      cancelButtonClassName="cancel-button"
      cancelButtonText="CANCEL"
      onClickCancel={[Function]}
      withCancel={true}
    />
  </form>
</MrmModal>
`;
