// Jest Snapshot v1, https://goo.gl/fbAQLP

exports[`DeviceList Component renders correctly from memory 1`] = `
<div
  className="settings-devices-list"
>
  <table>
    <ColGroup
      numberOfMiddleColumns={2}
    />
    <TableHead
      titles={
        Array [
          "Name",
          "Type",
          "Date Added",
          "Last Seen",
          "Location",
        ]
      }
    />
    <tbody>
      <Device
        device={
          Object {
            "date": "14 Aug 2018",
            "last": "16 Feb 2018",
            "location": "Nairobi",
            "name": "Samsung tablet",
            "type": "Internal Display",
          }
        }
        key="Samsung tablet"
      />
      <Device
        device={
          Object {
            "date": "14 Aug 2018",
            "last": "16 Feb 2018",
            "location": "Nairobi",
            "name": "Samsung Galaxy",
            "type": "Internal Display",
          }
        }
        key="Samsung Galaxy"
      />
      <Device
        device={
          Object {
            "date": "14 Aug 2018",
            "last": "16 Feb 2018",
            "location": "Nairobi",
            "name": "Samsung duos",
            "type": "Internal Display",
          }
        }
        key="Samsung duos"
      />
      <Device
        device={
          Object {
            "date": "14 Aug 2018",
            "last": "16 Feb 2018",
            "location": "Nairobi",
            "name": "Samsung duos",
            "type": "Internal Display",
          }
        }
        key="Samsung duos"
      />
    </tbody>
  </table>
</div>
`;
