// Jest Snapshot v1, https://goo.gl/fbAQLP

exports[`Tests for Resource Component renders correctly from memory 1`] = `
<tr>
  <td>
    Marker
  </td>
  <td>
    <EditResource
      refetch={null}
      resource={
        Object {
          "name": "Marker",
          "rooms": 4,
        }
      }
    />
      
    <DeleteResource
      getResourcesQuery={Object {}}
      toDelete={
        Object {
          "name": "Marker",
          "rooms": 4,
        }
      }
    />
  </td>
</tr>
`;
