// Jest Snapshot v1, https://goo.gl/fbAQLP

exports[`AnalyticsOverview Component renders properly 1`] = `
<Fragment>
  <AveragePieChartList
    dateValue={
      Object {
        "validatedEndDate": "",
        "validatedStartDate": "",
      }
    }
    queryCompleted={[MockFunction]}
  />
  <ComposedBookedRooms
    dateValue={
      Object {
        "validatedEndDate": "",
        "validatedStartDate": "",
      }
    }
  />
  <Apollo(Checkins)
    dateValue={
      Object {
        "validatedEndDate": "",
        "validatedStartDate": "",
      }
    }
    queryCompleted={[MockFunction]}
  />
  <Apollo(AverageMeetingList)
    dateValue={
      Object {
        "validatedEndDate": "",
        "validatedStartDate": "",
      }
    }
    queryCompleted={[MockFunction]}
  />
</Fragment>
`;
