// Jest Snapshot v1, https://goo.gl/fbAQLP

exports[`AnalyticsOverview Component renders properly 1`] = `
<React.Fragment>
  <AveragePieChartList
    dateValue={
      Object {
        "endDate": "\\"Feb 04 2019\\"",
        "startDate": "\\"Feb 04 2019\\"",
      }
    }
  />
  <ComposedBookedRooms
    dateValue={
      Object {
        "endDate": "\\"Feb 04 2019\\"",
        "startDate": "\\"Feb 04 2019\\"",
      }
    }
  />
  <Apollo(Checkins)
    dateValue={
      Object {
        "endDate": "\\"Feb 04 2019\\"",
        "startDate": "\\"Feb 04 2019\\"",
      }
    }
  />
  <Apollo(AverageMeetingList)
    dateValue={
      Object {
        "endDate": "\\"Feb 04 2019\\"",
        "startDate": "\\"Feb 04 2019\\"",
      }
    }
  />
</React.Fragment>
`;
