// Jest Snapshot v1, https://goo.gl/fbAQLP

exports[`AnalyticsOverview Component renders properly 1`] = `
<React.Fragment>
  <AveragePieChartList
    dateValue={
      Object {
        "endDate": "\\"Dec 18 2018\\"",
        "startDate": "\\"Dec 18 2018\\"",
      }
    }
  />
  <ComposedBookedRooms
    dateValue={
      Object {
        "endDate": "\\"Dec 18 2018\\"",
        "startDate": "\\"Dec 18 2018\\"",
      }
    }
  />
  <Checkins />
  <Apollo(AverageMeetingList)
    dateValue={
      Object {
        "endDate": "\\"Dec 18 2018\\"",
        "startDate": "\\"Dec 18 2018\\"",
      }
    }
  />
</React.Fragment>
`;
