// Jest Snapshot v1, https://goo.gl/fbAQLP

exports[`Add room design should render with succesfully 1`] = `
<OnboardingLayout
  layoutLeft={
    <AddRooms
      handleOnClick={undefined}
      setFloors={Array []}
      setactiveFloor=""
    />
  }
  layoutRight={
    <p>
       the preview of your setup
    </p>
  }
/>
`;
