// Jest Snapshot v1, https://goo.gl/fbAQLP

exports[`AddCenter Component renders AddCenter Component 1`] = `
<MrmModal
  buttonText="Add Center"
  className="add-office-modal"
  closeModal={false}
  handleCloseRequest={[Function]}
  modalButton="add-button"
  modalButtonClassName="button"
  openModal={false}
  title="ADD CENTER"
>
  <form
    className="modal-form"
  >
    <Input
      controlsClass=""
      id="centerName"
      inputClass="mrm-input default-input"
      labelClass="input1"
      labelName="Center Name"
      name="centerName"
      onChange={[Function]}
      placeholder="Enter center name"
      type="text"
      value=""
    />
    <Input
      controlsClass=""
      id="abbreviation"
      inputClass="mrm-input default-input"
      labelClass="input1"
      labelName="Abbreviation"
      name="abbreviation"
      onChange={[Function]}
      placeholder="Eg. Kla"
      type="text"
      value=""
    />
    <ActionButtons
      actionButtonText="ADD CENTER"
      cancelButtonText="CANCEL"
      isLoading={false}
      onClickCancel={[Function]}
      onClickSubmit={[Function]}
      showActionButton={true}
      withCancel={true}
    />
  </form>
</MrmModal>
`;
