// Jest Snapshot v1, https://goo.gl/fbAQLP

exports[`TopMenu Component renders correctly in memory 1`] = `
<div
  className="top-menu"
>
  <div
    className="container size-2-8 nav-menu"
  >
    <div
      className="container content-start nav-left"
    >
      <ul
        className="inline nav-brand"
      >
        <li
          className="logo"
        >
          <img
            alt="Logo"
            src="test-file-stub"
          />
        </li>
        <li
          className="logo-text"
        >
          <h1>
            CONVERGE
          </h1>
        </li>
      </ul>
    </div>
    <div
      className="container content-end nav-right"
    >
      <div
        className="search-box"
      >
        <form
          className="container"
        >
          <input
            className="search-bar"
            type="text"
          />
          <img
            alt="Search icon"
            className="search-icon"
            src="test-file-stub"
          />
        </form>
      </div>
      <div
        className="container side-nav"
      >
        <div
          className="notifications"
        >
          <img
            alt="Notification icon"
            src="test-file-stub"
          />
        </div>
        <div
          className="profile"
        >
          <img
            alt="Profile icon"
            className="menu-icon"
            src="test-file-stub"
          />
        </div>
        <div
          className="profile-name"
        >
          <span
            className="username"
          >
            MockFirstName MockLastName
          </span>
          <ProfileMenu />
        </div>
      </div>
    </div>
  </div>
</div>
`;
