// Jest Snapshot v1, https://goo.gl/fbAQLP

exports[`AnalyticsActivity component should render daily room events 1`] = `
<AnalyticsActivity
  dateValue={
    Object {
      "endDate": null,
      "startDate": null,
    }
  }
  queryCompleted={
    [MockFunction] {
      "calls": Array [
        Array [
          "analyticsForDailyRoomEvents",
        ],
        Array [
          "analyticsForDailyRoomEvents",
        ],
        Array [
          "analyticsForDailyRoomEvents",
        ],
        Array [
          "analyticsForDailyRoomEvents",
        ],
        Array [
          "analyticsForDailyRoomEvents",
        ],
        Array [
          "analyticsForDailyRoomEvents",
        ],
      ],
    }
  }
>
  <center
    className="room__events"
  >
    <div
      className="meeting-title"
    >
      <div
        className="title-heading"
      >
        Meeting Title
      </div>
      <div
        className="room-heading"
      >
        Booked Room
      </div>
      <div
        className="status-heading"
      >
        Status
      </div>
      <div
        className="participant-heading"
      >
        Participants
      </div>
    </div>
    <Overlay
      id="average-meeting"
    >
      <div>
        <div
          className="overlay"
          id="average-meeting"
        />
        <div
          className="Pagination-spinner"
        >
          <Spinner
            size=""
          >
            <div
              className="centered"
            >
              <div
                className="spinner"
              />
            </div>
          </Spinner>
        </div>
      </div>
    </Overlay>
    <div>
      <div
        className="activity"
        key="44b0da91-9fa0-47c1-9fe0-fb87685f26e0"
      >
        <div
          className="activity-day"
        >
          Thu May 30, 2019
        </div>
        <div
          className="activity-info-row"
          key="4dcf68c9-5869-4229-9439-7ae22488c7da"
        >
          <div
            className="title"
          >
            <div>
              Measure Standup
            </div>
          </div>
          <div
            className="room"
          >
            Ikogosi
          </div>
          <div
            className="status"
          >
            <div
              className="started"
            >
              Started 
              <bdi>
                05:15:00
                 
                EAT
              </bdi>
            </div>
            <div
              className="ended"
            >
              Ended 
              <bdi>
                05:45:00
                 
                EAT
              </bdi>
            </div>
          </div>
          <div
            className="participants"
          >
            <img
              alt=""
              src="https://firebasestorage.googleapis.com/v0/b/learning-map-app.appspot.com/o/MrmFrontImages%2FGroup.svg?alt=media&token=7f06b0bb-46bb-456a-ac35-9eeab8a16362"
            />
            <span>
              10
            </span>
          </div>
        </div>
      </div>
      <div
        className="activity"
        key="857b5e50-18f7-435a-be59-c490dfa6fc9e"
      >
        <div
          className="activity-day"
        >
          Thu May 30, 2019
        </div>
        <div
          className="activity-info-row"
          key="f6d35519-7547-434c-a434-3552ef9da27f"
        >
          <div
            className="title"
          >
            <div>
              Olamide x David
            </div>
          </div>
          <div
            className="room"
          >
            Safari5
          </div>
          <div
            className="status"
          >
            <div
              className="started"
            >
              Started 
              <bdi>
                01:00:00
                 
                EAT
              </bdi>
            </div>
            <div
              className="ended"
            >
              Ended 
              <bdi>
                02:00:00
                 
                EAT
              </bdi>
            </div>
          </div>
          <div
            className="participants"
          >
            <img
              alt=""
              src="https://firebasestorage.googleapis.com/v0/b/learning-map-app.appspot.com/o/MrmFrontImages%2FGroup.svg?alt=media&token=7f06b0bb-46bb-456a-ac35-9eeab8a16362"
            />
            <span>
              5
            </span>
          </div>
        </div>
      </div>
      <div
        className="activity"
        key="4ef90f17-5d1a-45c6-883c-71031c0b8aa3"
      >
        <div
          className="activity-day"
        >
          Thu May 30, 2019
        </div>
        <div
          className="activity-info-row"
          key="d556fae0-2710-479f-8c66-adde1cd260e8"
        >
          <div
            className="title"
          >
            <div>
              Interview: Oluwagbemileke Oguntayo  - Senior Operations Manager, Nigeria
            </div>
          </div>
          <div
            className="room"
          >
            Kajuru
          </div>
          <div
            className="status"
          >
            <div
              className="started"
            >
              Started 
              <bdi>
                01:00:00
                 
                EAT
              </bdi>
            </div>
            <div
              className="ended"
            >
              Ended 
              <bdi>
                02:00:00
                 
                EAT
              </bdi>
            </div>
          </div>
          <div
            className="participants"
          >
            <img
              alt=""
              src="https://firebasestorage.googleapis.com/v0/b/learning-map-app.appspot.com/o/MrmFrontImages%2FGroup.svg?alt=media&token=7f06b0bb-46bb-456a-ac35-9eeab8a16362"
            />
            <span>
              4
            </span>
          </div>
        </div>
      </div>
      <div
        className="activity"
        key="826c47e0-4ae6-49c2-b542-81ba4afd63cb"
      >
        <div
          className="activity-day"
        >
          Thu May 30, 2019
        </div>
        <div
          className="activity-info-row"
          key="5132214c-60f7-4af6-863d-9814337c4b7a"
        >
          <div
            className="title"
          >
            <div>
              Agnes / Annabelle Catch Up
            </div>
          </div>
          <div
            className="room"
          >
            Safari-me
          </div>
          <div
            className="status"
          >
            <div
              className="started"
            >
              Started 
              <bdi>
                04:30:00
                 
                EAT
              </bdi>
            </div>
            <div
              className="ended"
            >
              Ended 
              <bdi>
                05:00:00
                 
                EAT
              </bdi>
            </div>
          </div>
          <div
            className="participants"
          >
            <img
              alt=""
              src="https://firebasestorage.googleapis.com/v0/b/learning-map-app.appspot.com/o/MrmFrontImages%2FGroup.svg?alt=media&token=7f06b0bb-46bb-456a-ac35-9eeab8a16362"
            />
            <span>
              3
            </span>
          </div>
        </div>
      </div>
      <div
        className="activity"
        key="b2288c79-2755-4d2d-b053-f398a325eb88"
      >
        <div
          className="activity-day"
        >
          Thu May 30, 2019
        </div>
        <div
          className="activity-info-row"
          key="b9e24efe-98ad-40ba-b843-55e832d90c31"
        >
          <div
            className="title"
          >
            <div>
              Apprenticeship Sync
            </div>
          </div>
          <div
            className="room"
          >
            Cotonous
          </div>
          <div
            className="status"
          >
            <div
              className="started"
            >
              Started 
              <bdi>
                03:30:00
                 
                EAT
              </bdi>
            </div>
            <div
              className="ended"
            >
              Ended 
              <bdi>
                04:30:00
                 
                EAT
              </bdi>
            </div>
          </div>
          <div
            className="participants"
          >
            <img
              alt=""
              src="https://firebasestorage.googleapis.com/v0/b/learning-map-app.appspot.com/o/MrmFrontImages%2FGroup.svg?alt=media&token=7f06b0bb-46bb-456a-ac35-9eeab8a16362"
            />
            <span>
              59
            </span>
          </div>
        </div>
      </div>
      <div
        className="activity"
        key="e476c13d-6772-436a-bb1f-d089100b843b"
      >
        <div
          className="activity-day"
        >
          Thu May 30, 2019
        </div>
        <div
          className="activity-info-row"
          key="5291af53-9ee3-42eb-a68e-591d6a24b105"
        >
          <div
            className="title"
          >
            <div>
              Interview: Oluwatoyin Williams-Edem - Senior Manager, HR Business Partner
            </div>
          </div>
          <div
            className="room"
          >
            Safari-me
          </div>
          <div
            className="status"
          >
            <div
              className="started"
            >
              Started 
              <bdi>
                12:00:00
                 
                EAT
              </bdi>
            </div>
            <div
              className="ended"
            >
              Ended 
              <bdi>
                01:00:00
                 
                EAT
              </bdi>
            </div>
          </div>
          <div
            className="participants"
          >
            <img
              alt=""
              src="https://firebasestorage.googleapis.com/v0/b/learning-map-app.appspot.com/o/MrmFrontImages%2FGroup.svg?alt=media&token=7f06b0bb-46bb-456a-ac35-9eeab8a16362"
            />
            <span>
              3
            </span>
          </div>
        </div>
      </div>
      <div
        className="activity"
        key="f876077d-09a9-40c2-bad9-7bb3ccf8c09f"
      >
        <div
          className="activity-day"
        >
          Thu May 30, 2019
        </div>
        <div
          className="activity-info-row"
          key="cf87b412-0169-46ac-84e3-68581af35c78"
        >
          <div
            className="title"
          >
            <div>
              Apprenticeship Sync
            </div>
          </div>
          <div
            className="room"
          >
            Cotonous
          </div>
          <div
            className="status"
          >
            <div
              className="started"
            >
              Started 
              <bdi>
                03:30:00
                 
                EAT
              </bdi>
            </div>
            <div
              className="ended"
            >
              Ended 
              <bdi>
                04:30:00
                 
                EAT
              </bdi>
            </div>
          </div>
          <div
            className="participants"
          >
            <img
              alt=""
              src="https://firebasestorage.googleapis.com/v0/b/learning-map-app.appspot.com/o/MrmFrontImages%2FGroup.svg?alt=media&token=7f06b0bb-46bb-456a-ac35-9eeab8a16362"
            />
            <span>
              59
            </span>
          </div>
        </div>
      </div>
      <div
        className="activity"
        key="f579f5f5-12b4-4230-b4fa-94e45a2822c1"
      >
        <div
          className="activity-day"
        >
          Thu May 30, 2019
        </div>
        <div
          className="activity-info-row"
          key="c7f77258-aa65-44f0-9f7c-e47f80822f90"
        >
          <div
            className="title"
          >
            <div>
              Team meetings
            </div>
          </div>
          <div
            className="room"
          >
            Safari-me
          </div>
          <div
            className="status"
          >
            <div
              className="started"
            >
              Started 
              <bdi>
                02:00:00
                 
                EAT
              </bdi>
            </div>
            <div
              className="ended"
            >
              Ended 
              <bdi>
                03:30:00
                 
                EAT
              </bdi>
            </div>
          </div>
          <div
            className="participants"
          >
            <img
              alt=""
              src="https://firebasestorage.googleapis.com/v0/b/learning-map-app.appspot.com/o/MrmFrontImages%2FGroup.svg?alt=media&token=7f06b0bb-46bb-456a-ac35-9eeab8a16362"
            />
            <span>
              2
            </span>
          </div>
        </div>
      </div>
      <div
        className="activity"
        key="50ebcf3b-faee-4046-9f28-3b751b0f0c8e"
      >
        <div
          className="activity-day"
        >
          Thu May 30, 2019
        </div>
        <div
          className="activity-info-row"
          key="43ba71eb-a7d3-44fa-918d-deced6c16a6e"
        >
          <div
            className="title"
          >
            <div>
              Extended org sync
            </div>
          </div>
          <div
            className="room"
          >
            Cognito
          </div>
          <div
            className="status"
          >
            <div
              className="started"
            >
              Started 
              <bdi>
                02:00:00
                 
                EAT
              </bdi>
            </div>
            <div
              className="ended"
            >
              Ended 
              <bdi>
                02:40:00
                 
                EAT
              </bdi>
            </div>
          </div>
          <div
            className="participants"
          >
            <img
              alt=""
              src="https://firebasestorage.googleapis.com/v0/b/learning-map-app.appspot.com/o/MrmFrontImages%2FGroup.svg?alt=media&token=7f06b0bb-46bb-456a-ac35-9eeab8a16362"
            />
            <span>
              12
            </span>
          </div>
        </div>
      </div>
      <div
        className="activity"
        key="29882a49-1c1a-483f-8a0b-200b9c86d381"
      >
        <div
          className="activity-day"
        >
          Thu May 30, 2019
        </div>
        <div
          className="activity-info-row"
          key="0fbb5c04-274b-48fd-9ee0-03ba821a4579"
        >
          <div
            className="title"
          >
            <div>
              Ann &lt;&gt; Sam
            </div>
          </div>
          <div
            className="room"
          >
            Oculus
          </div>
          <div
            className="status"
          >
            <div
              className="started"
            >
              Started 
              <bdi>
                01:00:00
                 
                EAT
              </bdi>
            </div>
            <div
              className="ended"
            >
              Ended 
              <bdi>
                02:00:00
                 
                EAT
              </bdi>
            </div>
          </div>
          <div
            className="participants"
          >
            <img
              alt=""
              src="https://firebasestorage.googleapis.com/v0/b/learning-map-app.appspot.com/o/MrmFrontImages%2FGroup.svg?alt=media&token=7f06b0bb-46bb-456a-ac35-9eeab8a16362"
            />
            <span>
              5
            </span>
          </div>
        </div>
      </div>
      <div
        className="activity"
        key="807477a0-c722-4344-8580-e3d1cd3e88df"
      >
        <div
          className="activity-day"
        >
          Thu May 30, 2019
        </div>
        <div
          className="activity-info-row"
          key="e05c8f6d-5740-46f8-97a2-d0efa325d5ea"
        >
          <div
            className="title"
          >
            <div>
              Interview: Ayodele Odufuye - Senior Manager, HR Business Partner
            </div>
          </div>
          <div
            className="room"
          >
            Safari-me
          </div>
          <div
            className="status"
          >
            <div
              className="started"
            >
              Started 
              <bdi>
                01:00:00
                 
                EAT
              </bdi>
            </div>
            <div
              className="ended"
            >
              Ended 
              <bdi>
                02:00:00
                 
                EAT
              </bdi>
            </div>
          </div>
          <div
            className="participants"
          >
            <img
              alt=""
              src="https://firebasestorage.googleapis.com/v0/b/learning-map-app.appspot.com/o/MrmFrontImages%2FGroup.svg?alt=media&token=7f06b0bb-46bb-456a-ac35-9eeab8a16362"
            />
            <span>
              3
            </span>
          </div>
        </div>
      </div>
      <div
        className="activity"
        key="c0878f76-1813-4f82-a694-0b78dc37a6a2"
      >
        <div
          className="activity-day"
        >
          Thu May 30, 2019
        </div>
        <div
          className="activity-info-row"
          key="99796757-8f0a-4255-917e-76bd30252ac2"
        >
          <div
            className="title"
          >
            <div>
              Member Education
            </div>
          </div>
          <div
            className="room"
          >
            Oculus
          </div>
          <div
            className="status"
          >
            <div
              className="started"
            >
              Started 
              <bdi>
                03:00:00
                 
                EAT
              </bdi>
            </div>
            <div
              className="ended"
            >
              Ended 
              <bdi>
                04:30:00
                 
                EAT
              </bdi>
            </div>
          </div>
          <div
            className="participants"
          >
            <img
              alt=""
              src="https://firebasestorage.googleapis.com/v0/b/learning-map-app.appspot.com/o/MrmFrontImages%2FGroup.svg?alt=media&token=7f06b0bb-46bb-456a-ac35-9eeab8a16362"
            />
            <span>
              2
            </span>
          </div>
        </div>
      </div>
      <div
        className="activity"
        key="eb8797cb-98fb-4482-b41e-aa714f2b1fa4"
      >
        <div
          className="activity-day"
        >
          Thu May 30, 2019
        </div>
        <div
          className="activity-info-row"
          key="835f84ff-18f1-4a0b-9a26-cb549eb2d6dd"
        >
          <div
            className="title"
          >
            <div>
              Engineer Self Check-in 
            </div>
          </div>
          <div
            className="room"
          >
            test-5
          </div>
          <div
            className="status"
          >
            <div
              className="started"
            >
              Started 
              <bdi>
                01:30:00
                 
                EAT
              </bdi>
            </div>
            <div
              className="ended"
            >
              Ended 
              <bdi>
                02:00:00
                 
                EAT
              </bdi>
            </div>
          </div>
          <div
            className="participants"
          >
            <img
              alt=""
              src="https://firebasestorage.googleapis.com/v0/b/learning-map-app.appspot.com/o/MrmFrontImages%2FGroup.svg?alt=media&token=7f06b0bb-46bb-456a-ac35-9eeab8a16362"
            />
            <span>
              6
            </span>
          </div>
        </div>
      </div>
      <div
        className="activity"
        key="63d22c2a-9c17-4e0f-9017-b5808fb7b086"
      >
        <div
          className="activity-day"
        >
          Thu May 30, 2019
        </div>
        <div
          className="activity-info-row"
          key="64602bef-6bd1-457e-9dc8-442197419dca"
        >
          <div
            className="title"
          >
            <div>
              Oladimeji + Tejumade _ Software Engineer (Values Alignment Call)
            </div>
          </div>
          <div
            className="room"
          >
            Ikogosi
          </div>
          <div
            className="status"
          >
            <div
              className="started"
            >
              Started 
              <bdi>
                04:30:00
                 
                EAT
              </bdi>
            </div>
            <div
              className="ended"
            >
              Ended 
              <bdi>
                05:30:00
                 
                EAT
              </bdi>
            </div>
          </div>
          <div
            className="participants"
          >
            <img
              alt=""
              src="https://firebasestorage.googleapis.com/v0/b/learning-map-app.appspot.com/o/MrmFrontImages%2FGroup.svg?alt=media&token=7f06b0bb-46bb-456a-ac35-9eeab8a16362"
            />
            <span>
              3
            </span>
          </div>
        </div>
      </div>
      <div
        className="activity"
        key="2eeac3c9-bcc3-47bb-b253-6dd7133f33ab"
      >
        <div
          className="activity-day"
        >
          Thu May 30, 2019
        </div>
        <div
          className="activity-info-row"
          key="642be30d-6f77-47db-9b7f-08054e8b0f21"
        >
          <div
            className="title"
          >
            <div>
              Chux &lt;&gt; Godwin - Values Alignment Interview
            </div>
          </div>
          <div
            className="room"
          >
            Ikogosi
          </div>
          <div
            className="status"
          >
            <div
              className="started"
            >
              Started 
              <bdi>
                01:30:00
                 
                EAT
              </bdi>
            </div>
            <div
              className="ended"
            >
              Ended 
              <bdi>
                02:30:00
                 
                EAT
              </bdi>
            </div>
          </div>
          <div
            className="participants"
          >
            <img
              alt=""
              src="https://firebasestorage.googleapis.com/v0/b/learning-map-app.appspot.com/o/MrmFrontImages%2FGroup.svg?alt=media&token=7f06b0bb-46bb-456a-ac35-9eeab8a16362"
            />
            <span>
              3
            </span>
          </div>
        </div>
      </div>
      <div
        className="activity"
        key="b109f480-fca0-466e-b181-7f2cd665c511"
      >
        <div
          className="activity-day"
        >
          Thu May 30, 2019
        </div>
        <div
          className="activity-info-row"
          key="2c67c490-47a8-4315-9eb2-70f33e0d9e7e"
        >
          <div
            className="title"
          >
            <div>
              Brad &lt;&gt; Tope 1:1
            </div>
          </div>
          <div
            className="room"
          >
            Ikogosi
          </div>
          <div
            className="status"
          >
            <div
              className="started"
            >
              Started 
              <bdi>
                04:00:00
                 
                EAT
              </bdi>
            </div>
            <div
              className="ended"
            >
              Ended 
              <bdi>
                04:30:00
                 
                EAT
              </bdi>
            </div>
          </div>
          <div
            className="participants"
          >
            <img
              alt=""
              src="https://firebasestorage.googleapis.com/v0/b/learning-map-app.appspot.com/o/MrmFrontImages%2FGroup.svg?alt=media&token=7f06b0bb-46bb-456a-ac35-9eeab8a16362"
            />
            <span>
              3
            </span>
          </div>
        </div>
      </div>
      <div
        className="activity"
        key="991d0782-212c-4dec-b9b7-7c453b0130d0"
      >
        <div
          className="activity-day"
        >
          Thu May 30, 2019
        </div>
        <div
          className="activity-info-row"
          key="d6282f3c-a42d-4c8b-8f3b-fd31fd665d1e"
        >
          <div
            className="title"
          >
            <div>
              Lara&lt;&gt;Nneka
            </div>
          </div>
          <div
            className="room"
          >
            Ikogosi
          </div>
          <div
            className="status"
          >
            <div
              className="started"
            >
              Started 
              <bdi>
                06:00:00
                 
                EAT
              </bdi>
            </div>
            <div
              className="ended"
            >
              Ended 
              <bdi>
                06:30:00
                 
                EAT
              </bdi>
            </div>
          </div>
          <div
            className="participants"
          >
            <img
              alt=""
              src="https://firebasestorage.googleapis.com/v0/b/learning-map-app.appspot.com/o/MrmFrontImages%2FGroup.svg?alt=media&token=7f06b0bb-46bb-456a-ac35-9eeab8a16362"
            />
            <span>
              4
            </span>
          </div>
        </div>
      </div>
      <div
        className="activity"
        key="215c1ec0-9a5c-4c4a-a823-cc5b32527069"
      >
        <div
          className="activity-day"
        >
          Thu May 30, 2019
        </div>
        <div
          className="activity-info-row"
          key="b8643799-61a9-4dcb-98df-a9f4a8879a35"
        >
          <div
            className="title"
          >
            <div>
              Ghana General Manager Interview: Christiane Koenig
            </div>
          </div>
          <div
            className="room"
          >
            Empire State
          </div>
          <div
            className="status"
          >
            <div
              className="started"
            >
              Started 
              <bdi>
                12:00:00
                 
                EAT
              </bdi>
            </div>
            <div
              className="ended"
            >
              Ended 
              <bdi>
                12:50:00
                 
                EAT
              </bdi>
            </div>
          </div>
          <div
            className="participants"
          >
            <img
              alt=""
              src="https://firebasestorage.googleapis.com/v0/b/learning-map-app.appspot.com/o/MrmFrontImages%2FGroup.svg?alt=media&token=7f06b0bb-46bb-456a-ac35-9eeab8a16362"
            />
            <span>
              4
            </span>
          </div>
        </div>
      </div>
      <div
        className="activity"
        key="dcbed66c-b925-4d07-a012-23ddc61cef47"
      >
        <div
          className="activity-day"
        >
          Thu May 30, 2019
        </div>
        <div
          className="activity-info-row"
          key="ad024ac2-1c9f-4f6d-8552-813b0d470993"
        >
          <div
            className="title"
          >
            <div>
              Extended org sync
            </div>
          </div>
          <div
            className="room"
          >
            Cognito
          </div>
          <div
            className="status"
          >
            <div
              className="started"
            >
              Started 
              <bdi>
                02:00:00
                 
                EAT
              </bdi>
            </div>
            <div
              className="ended"
            >
              Ended 
              <bdi>
                02:40:00
                 
                EAT
              </bdi>
            </div>
          </div>
          <div
            className="participants"
          >
            <img
              alt=""
              src="https://firebasestorage.googleapis.com/v0/b/learning-map-app.appspot.com/o/MrmFrontImages%2FGroup.svg?alt=media&token=7f06b0bb-46bb-456a-ac35-9eeab8a16362"
            />
            <span>
              12
            </span>
          </div>
        </div>
      </div>
      <div
        className="activity"
        key="583fe01f-6805-4f54-9ef6-4b20f2004d4e"
      >
        <div
          className="activity-day"
        >
          Thu May 30, 2019
        </div>
        <div
          className="activity-info-row"
          key="40f667a6-d005-4c5a-8eaf-1f084b53354c"
        >
          <div
            className="title"
          >
            <div>
              Member Education
            </div>
          </div>
          <div
            className="room"
          >
            Oculus
          </div>
          <div
            className="status"
          >
            <div
              className="started"
            >
              Started 
              <bdi>
                03:00:00
                 
                EAT
              </bdi>
            </div>
            <div
              className="ended"
            >
              Ended 
              <bdi>
                04:30:00
                 
                EAT
              </bdi>
            </div>
          </div>
          <div
            className="participants"
          >
            <img
              alt=""
              src="https://firebasestorage.googleapis.com/v0/b/learning-map-app.appspot.com/o/MrmFrontImages%2FGroup.svg?alt=media&token=7f06b0bb-46bb-456a-ac35-9eeab8a16362"
            />
            <span>
              2
            </span>
          </div>
        </div>
      </div>
      <div
        className="activity"
        key="fcce20a8-a40a-4fd7-8dab-e8de044c5f2c"
      >
        <div
          className="activity-day"
        >
          Thu May 30, 2019
        </div>
        <div
          className="activity-info-row"
          key="e4ab8b79-500a-4471-a094-e371e5bbf34c"
        >
          <div
            className="title"
          >
            <div>
              Ann &lt;&gt; Sam
            </div>
          </div>
          <div
            className="room"
          >
            Oculus
          </div>
          <div
            className="status"
          >
            <div
              className="started"
            >
              Started 
              <bdi>
                01:00:00
                 
                EAT
              </bdi>
            </div>
            <div
              className="ended"
            >
              Ended 
              <bdi>
                02:00:00
                 
                EAT
              </bdi>
            </div>
          </div>
          <div
            className="participants"
          >
            <img
              alt=""
              src="https://firebasestorage.googleapis.com/v0/b/learning-map-app.appspot.com/o/MrmFrontImages%2FGroup.svg?alt=media&token=7f06b0bb-46bb-456a-ac35-9eeab8a16362"
            />
            <span>
              5
            </span>
          </div>
        </div>
      </div>
      <div
        className="activity"
        key="04ea4926-9977-4ff1-ac19-b6b845b63650"
      >
        <div
          className="activity-day"
        >
          Thu May 30, 2019
        </div>
        <div
          className="activity-info-row"
          key="2c79dcb0-7656-460b-a8c3-0bb566ca30f5"
        >
          <div
            className="title"
          >
            <div>
              Onsite Interview: Douglas + Team | Recruiting Operations Associate
            </div>
          </div>
          <div
            className="room"
          >
            Algiers
          </div>
          <div
            className="status"
          >
            <div
              className="started"
            >
              Started 
              <bdi>
                01:00:00
                 
                EAT
              </bdi>
            </div>
            <div
              className="ended"
            >
              Ended 
              <bdi>
                02:00:00
                 
                EAT
              </bdi>
            </div>
          </div>
          <div
            className="participants"
          >
            <img
              alt=""
              src="https://firebasestorage.googleapis.com/v0/b/learning-map-app.appspot.com/o/MrmFrontImages%2FGroup.svg?alt=media&token=7f06b0bb-46bb-456a-ac35-9eeab8a16362"
            />
            <span>
              5
            </span>
          </div>
        </div>
      </div>
      <div
        className="activity"
        key="a9359b51-4bf2-49f3-8793-d6ed201e56f7"
      >
        <div
          className="activity-day"
        >
          Thu May 30, 2019
        </div>
        <div
          className="activity-info-row"
          key="acb0cb0a-8774-455d-b9b5-c2efee68c715"
        >
          <div
            className="title"
          >
            <div>
              Values Call Alignment: Caroline&lt;&lt;&gt;&gt; Manasseh
            </div>
          </div>
          <div
            className="room"
          >
            Algiers
          </div>
          <div
            className="status"
          >
            <div
              className="started"
            >
              Started 
              <bdi>
                02:00:00
                 
                EAT
              </bdi>
            </div>
            <div
              className="ended"
            >
              Ended 
              <bdi>
                03:00:00
                 
                EAT
              </bdi>
            </div>
          </div>
          <div
            className="participants"
          >
            <img
              alt=""
              src="https://firebasestorage.googleapis.com/v0/b/learning-map-app.appspot.com/o/MrmFrontImages%2FGroup.svg?alt=media&token=7f06b0bb-46bb-456a-ac35-9eeab8a16362"
            />
            <span>
              3
            </span>
          </div>
        </div>
      </div>
      <div
        className="activity"
        key="be88058a-f416-40a8-a81e-2644d8374aa3"
      >
        <div
          className="activity-day"
        >
          Thu May 30, 2019
        </div>
        <div
          className="activity-info-row"
          key="296c69cb-ed61-4b66-9002-92f6453ad66f"
        >
          <div
            className="title"
          >
            <div>
              Dev/Partner Meetings :)
            </div>
          </div>
          <div
            className="room"
          >
            Test Add
          </div>
          <div
            className="status"
          >
            <div
              className="started"
            >
              Started 
              <bdi>
                12:50:00
                 
                EAT
              </bdi>
            </div>
            <div
              className="ended"
            >
              Ended 
              <bdi>
                05:25:00
                 
                EAT
              </bdi>
            </div>
          </div>
          <div
            className="participants"
          >
            <img
              alt=""
              src="https://firebasestorage.googleapis.com/v0/b/learning-map-app.appspot.com/o/MrmFrontImages%2FGroup.svg?alt=media&token=7f06b0bb-46bb-456a-ac35-9eeab8a16362"
            />
            <span>
              2
            </span>
          </div>
        </div>
      </div>
    </div>
  </center>
</AnalyticsActivity>
`;
