// Jest Snapshot v1, https://goo.gl/fbAQLP

exports[`Average Meeting List Component renders correctly from memory 1`] = `
<div
  className="average-meeting overlay-container"
>
  <Overlay
    id=""
  />
  <div
    className="average-meeting-control"
  >
    <h4
      className="header-title"
    >
      Average time spent/Meeting Room
    </h4>
    <span
      className="moreVerticalIcon"
    >
      <ThemedTooltippedComponent
        className=""
        composeTheme="deeply"
        mapThemrProps={[Function]}
        theme={null}
        tooltip="The number of meetings in a room,  the average number of attendees to these meetings as well as the average duration of the meetings."
        tooltipDelay={0}
        tooltipHideOnClick={true}
        tooltipPosition="top"
        tooltipShowOnClick={true}
      >
        <img
          alt="help icon"
          src="https://firebasestorage.googleapis.com/v0/b/learning-map-app.appspot.com/o/MrmFrontImages%2Fhelp_outline_24px.svg?alt=media&token=839e3137-c29e-463d-9a68-361e28794911"
        />
      </ThemedTooltippedComponent>
    </span>
  </div>
  <div
    className="average-meeting-list"
  >
    <div>
      <TableHead
        titles={
          Array [
            "Room",
            "No. of meetings",
            "Average Meeting Duration",
          ]
        }
      />
      <div>
        <QueryAnalyticsPerMeetingRoom
          data={
            Object {
              "MeetingsDurationaAnalytics": Array [
                Object {
                  "count": 0,
                  "roomName": "Room name",
                  "totalDuration": 0,
                },
                Object {
                  "count": 0,
                  "roomName": "Room name",
                  "totalDuration": 0,
                },
                Object {
                  "count": 0,
                  "roomName": "Room name",
                  "totalDuration": 0,
                },
              ],
            }
          }
        />
      </div>
    </div>
  </div>
</div>
`;
