// Jest Snapshot v1, https://goo.gl/fbAQLP

exports[`BookedRooms component should render correctly 1`] = `
<div
  className="wrap-booked-room"
>
  <div
    className="booked-room-header"
  >
    <img
      alt="Pull"
      src=""
    />
    <h4 />
    <ThemedTooltippedComponent
      className=""
      composeTheme="deeply"
      mapThemrProps={[Function]}
      theme={null}
      tooltip=""
      tooltipDelay={0}
      tooltipHideOnClick={true}
      tooltipPosition="top"
      tooltipShowOnClick={true}
    >
      <img
        alt="help icon"
        src="test-file-stub"
      />
    </ThemedTooltippedComponent>
  </div>
  <div
    className="booked-room-list"
  >
    <table>
      <TableHead
        titles={
          Array [
            "Room",
            "Meetings",
            "% Share of All Meetings",
          ]
        }
      />
      <tbody>
        <tr
          key="0"
        >
          <td>
            Nairobi - 1st Floor SingleBlock A Dodoma (1)
          </td>
          <td>
            20
          </td>
          <td>
            30
            %
          </td>
        </tr>
        <tr
          key="1"
        >
          <td>
            Nairobi - 2nd A Dodoma (1)
          </td>
          <td>
            10
          </td>
          <td>
            20
            %
          </td>
        </tr>
        <tr
          key="2"
        >
          <td>
            Nairobi - 3rd A Dodoma (2)
          </td>
          <td>
            5
          </td>
          <td>
            10
            %
          </td>
        </tr>
      </tbody>
    </table>
  </div>
</div>
`;
