// Jest Snapshot v1, https://goo.gl/fbAQLP

exports[`Query Bookings Count Component should render analytics data 1`] = `
<ErrorBoundary
  error="Something went wrong"
  isAuthError={false}
>
  <QueryBookingsCount
    dateValue={
      Object {
        "endDate": "Nov 03 2018",
        "startDate": "Nov 01 2018",
      }
    }
    updateParent={[MockFunction]}
  >
    <Spinner
      size=""
    >
      <div
        className="centered"
      >
        <div
          className="spinner"
        />
      </div>
    </Spinner>
  </QueryBookingsCount>
</ErrorBoundary>
`;

exports[`Query Bookings Count Component should render without error 1`] = `
<ErrorBoundary
  error="Something went wrong"
  isAuthError={false}
>
  <QueryBookingsCount
    dateValue={
      Object {
        "endDate": "Nov 03 2018",
        "startDate": "Nov 01 2018",
      }
    }
    updateParent={[MockFunction]}
  >
    <Spinner
      size=""
    >
      <div
        className="centered"
      >
        <div
          className="spinner"
        />
      </div>
    </Spinner>
  </QueryBookingsCount>
</ErrorBoundary>
`;
