// Jest Snapshot v1, https://goo.gl/fbAQLP

exports[`EditFloor Component renders properly 1`] = `
<MrmModal
  buttonText="Edit"
  className="edit-office-modal"
  closeModal={false}
  handleCloseRequest={[Function]}
  modalButtonClassName="edit-button"
  title="EDIT FLOOR"
>
  <div
    className="modal-form"
  >
    <Input
      controlsClass=""
      id="floorName"
      inputClass="input1"
      labelClass="label1"
      labelName="Floor Name"
      name="floorName"
      onChange={[Function]}
      placeholder=""
      required={true}
      type="text"
      value="Fourth Floor"
    />
    <ActionButtons
      actionButtonText="SAVE CHANGES"
      cancelButtonText="CANCEL"
      isLoading={false}
      onClickCancel={[Function]}
      onClickSubmit={[Function]}
      withCancel={true}
    />
  </div>
</MrmModal>
`;
