// Jest Snapshot v1, https://goo.gl/fbAQLP

exports[`Input Component renders properly 1`] = `
<div
  className=""
>
  <label
    htmlFor=""
  >
    <input
      className=""
      defaultValue=""
      id=""
      name=""
      onBlur={[Function]}
      onChange={[MockFunction]}
      onFocus={[Function]}
      placeholder=""
      type="text"
    />
  </label>
</div>
`;
