// Jest Snapshot v1, https://goo.gl/fbAQLP

exports[`Meeting Duration Pie Chart Component renders correctly from memory 1`] = `
<article
  className="pie-chart"
>
  <section
    className="chart-header"
  >
    <p
      className="chart-title"
    >
      Average Meeting Duration
    </p>
    <ThemedTooltippedComponent
      className=""
      composeTheme="deeply"
      mapThemrProps={[Function]}
      theme={null}
      tooltip="The average amount of time people spend in all booked meeting rooms in a set time period"
      tooltipDelay={0}
      tooltipHideOnClick={true}
      tooltipPosition="top"
      tooltipShowOnClick={true}
    >
      <img
        alt="help icon"
        src="test-file-stub"
      />
    </ThemedTooltippedComponent>
  </section>
  <section
    className="chart-content"
  >
    <img
      alt="average meeting chart"
      src="test-file-stub"
    />
    <section
      className="chart-details"
    >
      <p
        className="duration-first-circle"
      >
        <span />
        60 Minutes
      </p>
      <p
        className="duration-second-circle"
      >
        <span />
        45 Minutes
      </p>
      <p
        className="duration-third-circle"
      >
        <span />
        30 Minutes
      </p>
    </section>
  </section>
</article>
`;

exports[`Meeting Duration Pie Chart Component should be able to hover 1`] = `
<article
  className="pie-chart"
>
  <section
    className="chart-header"
  >
    <p
      className="chart-title"
    >
      Average Meeting Duration
    </p>
    <ThemedTooltippedComponent
      className=""
      composeTheme="deeply"
      mapThemrProps={[Function]}
      theme={null}
      tooltip="The average amount of time people spend in all booked meeting rooms in a set time period"
      tooltipDelay={0}
      tooltipHideOnClick={true}
      tooltipPosition="top"
      tooltipShowOnClick={true}
    >
      <img
        alt="help icon"
        src="test-file-stub"
      />
    </ThemedTooltippedComponent>
  </section>
  <section
    className="chart-content"
  >
    <img
      alt="average meeting chart"
      src="test-file-stub"
    />
    <section
      className="chart-details"
    >
      <p
        className="duration-first-circle"
      >
        <span />
        60 Minutes
      </p>
      <p
        className="duration-second-circle"
      >
        <span />
        45 Minutes
      </p>
      <p
        className="duration-third-circle"
      >
        <span />
        30 Minutes
      </p>
    </section>
  </section>
</article>
`;

exports[`Meeting Duration Pie Chart Component should be able to hover 2`] = `
<article
  className="pie-chart"
>
  <section
    className="chart-header"
  >
    <p
      className="chart-title"
    >
      Average Meeting Duration
    </p>
    <ThemedTooltippedComponent
      className=""
      composeTheme="deeply"
      mapThemrProps={[Function]}
      theme={null}
      tooltip="The average amount of time people spend in all booked meeting rooms in a set time period"
      tooltipDelay={0}
      tooltipHideOnClick={true}
      tooltipPosition="top"
      tooltipShowOnClick={true}
    >
      <img
        alt="help icon"
        src="test-file-stub"
      />
    </ThemedTooltippedComponent>
  </section>
  <section
    className="chart-content"
  >
    <img
      alt="average meeting chart"
      src="test-file-stub"
    />
    <section
      className="chart-details"
    >
      <p
        className="duration-first-circle"
      >
        <span />
        60 Minutes
      </p>
      <p
        className="duration-second-circle"
      >
        <span />
        45 Minutes
      </p>
      <p
        className="duration-third-circle"
      >
        <span />
        30 Minutes
      </p>
    </section>
  </section>
</article>
`;
